Microchip MPLAB XC8 Compiler V2.46

Linker command line:

-W-3 \
  --edf=C:\Program Files\Microchip\xc8\v2.46\pic\dat\20240104201356_en.msgs \
  -cn -h+dist/default/debug\timer_0_main.X.debug.sym \
  --cmf=dist/default/debug\timer_0_main.X.debug.cmf -z -Q18F47Q10 \
  -oC:\Users\S20169~1\AppData\Local\Temp\xcAsoeg.\driver_tmp_3.o \
  --defsym=__MPLAB_BUILD=1 --fixupoverflow=error \
  -Mdist/default/debug/timer_0_main.X.debug.map \
  --md=C:\Users\S20169~1\AppData\Local\Temp\xcAsoeg.\driver_tmp_0.dat -E1 \
  -ver=XC8 Compiler --acfsm=1493 -ACODE=00h-01FFFFh -ACONST=00h-01FFFFh \
  -ASMALLCONST=0F00h-0FFFhx497 -AMEDIUMCONST=0F00h-0FFFFh,010F00h-01FFFFh \
  -ACOMRAM=01h-05Fh -AABS1=00h-0CFFh,0E00h-0E1Eh \
  -ABIGRAM=01h-0CFFh,0E00h-0E1Eh -ARAM=060h-0FFh,0100h-01FFhx12,0E00h-0E1Eh \
  -ABANK0=060h-0FFh -ABANK1=0100h-01FFh -ABANK2=0200h-02FFh \
  -ABANK3=0300h-03FFh -ABANK4=0400h-04FFh -ABANK5=0500h-05FFh \
  -ABANK6=0600h-06FFh -ABANK7=0700h-07FFh -ABANK8=0800h-08FFh \
  -ABANK9=0900h-09FFh -ABANK10=0A00h-0AFFh -ABANK11=0B00h-0BFFh \
  -ABANK12=0C00h-0CFFh -ABANK14=0E00h-0E1Eh \
  -ASFR=0D00h-0DFFh,0E1Fh-0EFFh,0F00h-0F5Fh,0F60h-0FFFh \
  -ABIGSFR=0D00h-0DFFh,0E1Fh-0FFFh -ACONFIG=0300000h-030000Bh \
  -AIDLOC=0200000h-02000FFh -AEEDATA=0310000h-03103FFh -peeprom_data=EEDATA \
  -preset_vec=00h,intcode=8h,intcodelo,powerup,init -pramtop=0F00h \
  -psmallconst=SMALLCONST -pmediumconst=MEDIUMCONST -pconst=CONST \
  -AFARRAM=00h-00h \
  -prdata=COMRAM,nvrram=COMRAM,nvbit=COMRAM,rbss=COMRAM,rbit=COMRAM \
  -pfarbss=FARRAM,fardata=FARRAM,nvFARRAM=FARRAM \
  -pintsave_regs=BIGRAM,bigbss=BIGRAM,bigdata=BIGRAM -pbss=RAM \
  -pidata=CODE,irdata=CODE,ibigdata=CODE,ifardata=CODE -prparam=COMRAM \
  C:\Users\S20169~1\AppData\Local\Temp\xcAsoeg.\driver_tmp_9.o \
  dist/default/debug\timer_0_main.X.debug.o 

Object code version is 3.11

Machine type is 18F47Q10



                Name                               Link     Load   Length Selector   Space Scale
C:\Users\S20169~1\AppData\Local\Temp\xcAsoeg.\driver_tmp_9.o
                config                           300000   300000        C        0       4
                init                                 4E       4E        4        4       0
                reset_vec                             0        0        4        0       0
dist/default/debug\timer_0_main.X.debug.o
                intcode                               8        8       46        4       0
                config                           300000   300000        C        0       4
                temp                                 13       13        1        1       1
                smallconst                          F00      F00        2      780       0
                text13                             1048     1048       24      781       0
                text12                             10F4     10F4        2      781       0
                text11                              FEC      FEC       34      781       0
                text9                              1088     1088       18      781       0
                text8                              10DC     10DC        E      781       0
                text7                              10CE     10CE        E      781       0
                text6                              10C0     10C0        E      781       0
                text5                               FA6      FA6       46      781       0
                text4                               F02      F02       A4      781       0
                text3                              106C     106C       1C      781       0
                text2                              10A0     10A0       12      781       0
                text1                              10B2     10B2        E      781       0
                text0                              1020     1020       28      781       0
                cstackCOMRAM                          D        D        6        1       1
                cinit                              10EA     10EA        A      781       0
                nvCOMRAM                              1        1        C        1       1

TOTAL           Name                               Link     Load   Length     Space
        CLASS   CODE           
                intcode                               8        8       46         0
                init                                 4E       4E        4         0
                reset_vec                             0        0        4         0
                text13                             1048     1048       24         0
                text12                             10F4     10F4        2         0
                text11                              FEC      FEC       34         0
                text9                              1088     1088       18         0
                text8                              10DC     10DC        E         0
                text7                              10CE     10CE        E         0
                text6                              10C0     10C0        E         0
                text5                               FA6      FA6       46         0
                text4                               F02      F02       A4         0
                text3                              106C     106C       1C         0
                text2                              10A0     10A0       12         0
                text1                              10B2     10B2        E         0
                text0                              1020     1020       28         0
                cinit                              10EA     10EA        A         0

        CLASS   CONST          

        CLASS   SMALLCONST     
                smallconst                          F00      F00        2         0

        CLASS   MEDIUMCONST    

        CLASS   COMRAM         
                temp                                 13       13        1         1
                cstackCOMRAM                          D        D        6         1
                nvCOMRAM                              1        1        C         1

        CLASS   ABS1           

        CLASS   BIGRAM         

        CLASS   RAM            

        CLASS   BANK0          

        CLASS   BANK1          

        CLASS   BANK2          

        CLASS   BANK3          

        CLASS   BANK4          

        CLASS   BANK5          

        CLASS   BANK6          

        CLASS   BANK7          

        CLASS   BANK8          

        CLASS   BANK9          

        CLASS   BANK10         

        CLASS   BANK11         

        CLASS   BANK12         

        CLASS   BANK14         

        CLASS   SFR            

        CLASS   BIGSFR         

        CLASS   CONFIG         
                config                           300000   300000        C         4

        CLASS   IDLOC          

        CLASS   EEDATA         

        CLASS   FARRAM         

        CLASS   HEAP           

        CLASS   STACK          



SEGMENTS        Name                           Load    Length   Top    Selector   Space  Class

                reset_vec                      000000  000004  000004         0       0  CODE    
                nvCOMRAM                       000001  000013  000014         1       1  COMRAM  
                intcode                        000008  00004A  000052         4       0  CODE    
                smallconst                     000F00  000002  000F02       780       0  SMALLCON
                text4                          000F02  0001F4  0010F6       781       0  CODE    


UNUSED ADDRESS RANGES

        Name                Unused          Largest block    Delta
        BANK0            000060-0000FF               A0
        BANK1            000100-0001FF              100
        BANK10           000A00-000AFF              100
        BANK11           000B00-000BFF              100
        BANK12           000C00-000CFF              100
        BANK14           000E00-000E1E               1F
        BANK2            000200-0002FF              100
        BANK3            000300-0003FF              100
        BANK4            000400-0004FF              100
        BANK5            000500-0005FF              100
        BANK6            000600-0006FF              100
        BANK7            000700-0007FF              100
        BANK8            000800-0008FF              100
        BANK9            000900-0009FF              100
        BIGRAM           000014-000CFF              CEC
                         000E00-000E1E               1F
        BIGSFR           000D00-000DFF              100
                         000E1F-000FFF              1E1
        CODE             000004-000007                4
                         000052-000EFF              EAE
                         0010F6-01FFFF            1EF0A
        COMRAM           000014-00005F               4C
        CONST            000004-000007                4
                         000052-000EFF              EAE
                         0010F6-01FFFF            1EF0A
        EEDATA           310000-3103FF              400
        IDLOC            200000-2000FF              100
        MEDIUMCONST      0010F6-00FFFF             EF0A
                         010F00-01FFFF             F100
        RAM              000060-000CFF              100
                         000E00-000E1E               1F
        SFR              000D00-000DFF              100
                         000E1F-000FFF               E1
        SMALLCONST       0010F6-01FFFF              100

                                  Symbol Table

INT0_SetInterruptHandler@InterruptHandler        cstackCOMRAM 000010
INT1_SetInterruptHandler@InterruptHandler        cstackCOMRAM 000010
INT2_SetInterruptHandler@InterruptHandler        cstackCOMRAM 000010
TMR0_PeriodMatchCallbackRegister@callbackHandler cstackCOMRAM 000010
_ANSELA                                          (abs)        000F0C
_ANSELB                                          (abs)        000F14
_ANSELC                                          (abs)        000F1C
_ANSELD                                          (abs)        000F21
_ANSELE                                          (abs)        000F29
_CLOCK_Initialize                                text9        001088
_INLVLA                                          (abs)        000F08
_INLVLB                                          (abs)        000F10
_INLVLC                                          (abs)        000F18
_INLVLD                                          (abs)        000F1D
_INLVLE                                          (abs)        000F25
_INT0_DefaultInterruptHandler                    (abs)        000000
_INT0_InterruptHandler                           nvCOMRAM     00000A
_INT0_SetInterruptHandler                        text8        0010DC
_INT1_DefaultInterruptHandler                    (abs)        000000
_INT1_InterruptHandler                           nvCOMRAM     000007
_INT1_SetInterruptHandler                        text7        0010CE
_INT2_DefaultInterruptHandler                    (abs)        000000
_INT2_InterruptHandler                           nvCOMRAM     000004
_INT2_SetInterruptHandler                        text6        0010C0
_INTCONbits                                      (abs)        000FF2
_INTERRUPT_Initialize                            text5        000FA6
_INTERRUPT_InterruptManager                      intcode      000008
_IOCAF                                           (abs)        000F05
_IOCAN                                           (abs)        000F06
_IOCAP                                           (abs)        000F07
_IOCBF                                           (abs)        000F0D
_IOCBN                                           (abs)        000F0E
_IOCBP                                           (abs)        000F0F
_IOCCF                                           (abs)        000F15
_IOCCN                                           (abs)        000F16
_IOCCP                                           (abs)        000F17
_IOCEF                                           (abs)        000F22
_IOCEN                                           (abs)        000F23
_IOCEP                                           (abs)        000F24
_LATA                                            (abs)        000F82
_LATAbits                                        (abs)        000F82
_LATB                                            (abs)        000F83
_LATC                                            (abs)        000F84
_LATD                                            (abs)        000F85
_LATE                                            (abs)        000F86
_ODCONA                                          (abs)        000F0A
_ODCONB                                          (abs)        000F12
_ODCONC                                          (abs)        000F1A
_ODCOND                                          (abs)        000F1F
_ODCONE                                          (abs)        000F27
_OSCCON1                                         (abs)        000ED3
_OSCCON3                                         (abs)        000ED5
_OSCEN                                           (abs)        000ED7
_OSCFRQ                                          (abs)        000ED9
_OSCTUNE                                         (abs)        000ED8
_PIE0bits                                        (abs)        000EBD
_PIN_MANAGER_Initialize                          text4        000F02
_PIR0bits                                        (abs)        000EC5
_SLRCONA                                         (abs)        000F09
_SLRCONB                                         (abs)        000F11
_SLRCONC                                         (abs)        000F19
_SLRCOND                                         (abs)        000F1E
_SLRCONE                                         (abs)        000F26
_SYSTEM_Initialize                               text2        0010A0
_T0CON0                                          (abs)        000FD4
_T0CON0bits                                      (abs)        000FD4
_T0CON1                                          (abs)        000FD5
_TMR0H                                           (abs)        000FD3
_TMR0L                                           (abs)        000FD2
_TMR0_DefaultCallback                            text12       0010F4
_TMR0_ISR                                        text11       000FEC
_TMR0_Initialize                                 text3        00106C
_TMR0_PeriodMatchCallback                        nvCOMRAM     000001
_TMR0_PeriodMatchCallbackRegister                text1        0010B2
_TRISA                                           (abs)        000F87
_TRISB                                           (abs)        000F88
_TRISC                                           (abs)        000F89
_TRISD                                           (abs)        000F8A
_TRISE                                           (abs)        000F8B
_WPUA                                            (abs)        000F0B
_WPUB                                            (abs)        000F13
_WPUC                                            (abs)        000F1B
_WPUD                                            (abs)        000F20
_WPUE                                            (abs)        000F28
__HRAM                                           (abs)        000000
__H__absolute__                                  __absolute__ 000000
__Habs1                                          abs1         000000
__Hbank0                                         bank0        000000
__Hbank1                                         bank1        000000
__Hbank10                                        bank10       000000
__Hbank11                                        bank11       000000
__Hbank12                                        bank12       000000
__Hbank14                                        bank14       000000
__Hbank2                                         bank2        000000
__Hbank3                                         bank3        000000
__Hbank4                                         bank4        000000
__Hbank5                                         bank5        000000
__Hbank6                                         bank6        000000
__Hbank7                                         bank7        000000
__Hbank8                                         bank8        000000
__Hbank9                                         bank9        000000
__Hbigbss                                        bigbss       000000
__Hbigdata                                       bigdata      000000
__Hbigram                                        bigram       000000
__Hbigsfr                                        bigsfr       000000
__Hbss                                           bss          000000
__Hcinit                                         cinit        000000
__Hclrtext                                       clrtext      000000
__Hcomram                                        comram       000000
__Hconfig                                        config       30000C
__Hconst                                         const        000000
__HcstackCOMRAM                                  cstackCOMRAM 000000
__Hdata                                          data         000000
__Heeprom_data                                   eeprom_data  000000
__Hfarbss                                        farbss       000000
__Hfardata                                       fardata      000000
__Hheap                                          heap         000000
__Hibigdata                                      ibigdata     000000
__Hidata                                         idata        000000
__Hidloc                                         idloc        000000
__Hifardata                                      ifardata     000000
__Hinit                                          init         000052
__Hintcode                                       intcode      00004E
__Hintcode_body                                  intcode_body 000000
__Hintcodelo                                     intcodelo    00004E
__Hintentry                                      intentry     000000
__Hintret                                        intret       000000
__Hintsave_regs                                  intsave_regs 000000
__Hirdata                                        irdata       000000
__Hmediumconst                                   mediumconst  000000
__HnvCOMRAM                                      nvCOMRAM     000000
__HnvFARRAM                                      nvFARRAM     000000
__Hnvbit                                         nvbit        000000
__Hnvrram                                        nvrram       000000
__Hparam                                         rparam       000000
__Hpowerup                                       powerup      00004E
__Hram                                           ram          000000
__Hramtop                                        ramtop       000F00
__Hrbit                                          rbit         000000
__Hrbss                                          rbss         000000
__Hrdata                                         rdata        000000
__Hreset_vec                                     reset_vec    000004
__Hrparam                                        rparam       000000
__Hsfr                                           sfr          000000
__Hsivt_hi                                       sivt_hi      000000
__Hsivt_lo                                       sivt_lo      000000
__Hsmallconst                                    smallconst   000F02
__Hspace_0                                       (abs)        0010F6
__Hspace_1                                       (abs)        000014
__Hspace_2                                       (abs)        000000
__Hspace_4                                       (abs)        60000C
__Hstack                                         stack        000000
__Hstruct                                        struct       000000
__Htemp                                          temp         000014
__Htext                                          text         000000
__Htext0                                         text0        000000
__Htext1                                         text1        000000
__Htext11                                        text11       000000
__Htext12                                        text12       000000
__Htext13                                        text13       000000
__Htext2                                         text2        000000
__Htext3                                         text3        000000
__Htext4                                         text4        000000
__Htext5                                         text5        000000
__Htext6                                         text6        000000
__Htext7                                         text7        000000
__Htext8                                         text8        000000
__Htext9                                         text9        000000
__LRAM                                           (abs)        000001
__L__absolute__                                  __absolute__ 000000
__Labs1                                          abs1         000000
__Lbank0                                         bank0        000000
__Lbank1                                         bank1        000000
__Lbank10                                        bank10       000000
__Lbank11                                        bank11       000000
__Lbank12                                        bank12       000000
__Lbank14                                        bank14       000000
__Lbank2                                         bank2        000000
__Lbank3                                         bank3        000000
__Lbank4                                         bank4        000000
__Lbank5                                         bank5        000000
__Lbank6                                         bank6        000000
__Lbank7                                         bank7        000000
__Lbank8                                         bank8        000000
__Lbank9                                         bank9        000000
__Lbigbss                                        bigbss       000000
__Lbigdata                                       bigdata      000000
__Lbigram                                        bigram       000000
__Lbigsfr                                        bigsfr       000000
__Lbss                                           bss          000000
__Lcinit                                         cinit        000000
__Lclrtext                                       clrtext      000000
__Lcomram                                        comram       000000
__Lconfig                                        config       000000
__Lconst                                         const        000000
__LcstackCOMRAM                                  cstackCOMRAM 000000
__Ldata                                          data         000000
__Leeprom_data                                   eeprom_data  000000
__Lfarbss                                        farbss       000000
__Lfardata                                       fardata      000000
__Lheap                                          heap         000000
__Libigdata                                      ibigdata     000000
__Lidata                                         idata        000000
__Lidloc                                         idloc        000000
__Lifardata                                      ifardata     000000
__Linit                                          init         00004E
__Lintcode                                       intcode      000008
__Lintcode_body                                  intcode_body 000000
__Lintcodelo                                     intcodelo    00004E
__Lintentry                                      intentry     000000
__Lintret                                        intret       000000
__Lintsave_regs                                  intsave_regs 000000
__Lirdata                                        irdata       000000
__Lmediumconst                                   mediumconst  000000
__LnvCOMRAM                                      nvCOMRAM     000000
__LnvFARRAM                                      nvFARRAM     000000
__Lnvbit                                         nvbit        000000
__Lnvrram                                        nvrram       000000
__Lparam                                         rparam       000000
__Lpowerup                                       powerup      00004E
__Lram                                           ram          000000
__Lramtop                                        ramtop       000F00
__Lrbit                                          rbit         000000
__Lrbss                                          rbss         000000
__Lrdata                                         rdata        000000
__Lreset_vec                                     reset_vec    000000
__Lrparam                                        rparam       000000
__Lsfr                                           sfr          000000
__Lsivt_hi                                       sivt_hi      000000
__Lsivt_lo                                       sivt_lo      000000
__Lsmallconst                                    smallconst   000F00
__Lspace_0                                       (abs)        000000
__Lspace_1                                       (abs)        000000
__Lspace_2                                       (abs)        000000
__Lspace_4                                       (abs)        000000
__Lstack                                         stack        000000
__Lstruct                                        struct       000000
__Ltemp                                          temp         000013
__Ltext                                          text         000000
__Ltext0                                         text0        000000
__Ltext1                                         text1        000000
__Ltext11                                        text11       000000
__Ltext12                                        text12       000000
__Ltext13                                        text13       000000
__Ltext2                                         text2        000000
__Ltext3                                         text3        000000
__Ltext4                                         text4        000000
__Ltext5                                         text5        000000
__Ltext6                                         text6        000000
__Ltext7                                         text7        000000
__Ltext8                                         text8        000000
__Ltext9                                         text9        000000
__S0                                             (abs)        0010F6
__S1                                             (abs)        000014
__S4                                             (abs)        000000
__S5                                             (abs)        000000
___heap_hi                                       (abs)        000000
___heap_lo                                       (abs)        000000
___inthi_sp                                      stack        000000
___inthi_stack_hi                                stack        000000
___inthi_stack_lo                                stack        000000
___intlo_sp                                      stack        000000
___intlo_stack_hi                                stack        000000
___intlo_stack_lo                                stack        000000
___param_bank                                    (abs)        000000
___rparam_used                                   (abs)        000001
___sp                                            stack        000000
___stack_hi                                      stack        000000
___stack_lo                                      stack        000000
__accesstop                                      (abs)        000060
__activetblptr                                   (abs)        000003
__end_of_CLOCK_Initialize                        text9        0010A0
__end_of_INT0_SetInterruptHandler                text8        0010EA
__end_of_INT1_SetInterruptHandler                text7        0010DC
__end_of_INT2_SetInterruptHandler                text6        0010CE
__end_of_INTERRUPT_Initialize                    text5        000FEC
__end_of_INTERRUPT_InterruptManager              intcode      00004E
__end_of_PIN_MANAGER_Initialize                  text4        000FA6
__end_of_SYSTEM_Initialize                       text2        0010B2
__end_of_TMR0_DefaultCallback                    text12       0010F6
__end_of_TMR0_ISR                                text11       001020
__end_of_TMR0_Initialize                         text3        001088
__end_of_TMR0_PeriodMatchCallbackRegister        text1        0010C0
__end_of__initialization                         cinit        0010EA
__end_of_custom_Callback                         text13       00106C
__end_of_main                                    text0        001048
__initialization                                 cinit        0010EA
__mediumconst                                    mediumconst  000000
__pcinit                                         cinit        0010EA
__pcstackCOMRAM                                  cstackCOMRAM 00000D
__pintcode                                       intcode      000008
__pnvCOMRAM                                      nvCOMRAM     000001
__psmallconst                                    smallconst   000F00
__ptext0                                         text0        001020
__ptext1                                         text1        0010B2
__ptext11                                        text11       000FEC
__ptext12                                        text12       0010F4
__ptext13                                        text13       001048
__ptext2                                         text2        0010A0
__ptext3                                         text3        00106C
__ptext4                                         text4        000F02
__ptext5                                         text5        000FA6
__ptext6                                         text6        0010C0
__ptext7                                         text7        0010CE
__ptext8                                         text8        0010DC
__ptext9                                         text9        001088
__ramtop                                         ramtop       000F00
__smallconst                                     smallconst   000F00
_custom_Callback                                 text13       001048
_main                                            text0        001020
btemp                                            temp         000013
end_of_initialization                            cinit        0010EA
int$flags                                        temp         000013
intlevel0                                        text         000000
intlevel1                                        text         000000
intlevel2                                        text         000000
intlevel3                                        text         000000
isa$std                                          (abs)        000001
isa$xinst                                        (abs)        000000
stackhi                                          (abs)        000000
stacklo                                          (abs)        000000
start                                            init         00004E
start_initialization                             cinit        0010EA
ttemp5                                           temp         000014
ttemp6                                           temp         000017
ttemp7                                           temp         00001B
wtemp8                                           temp         000014


MODULE INFORMATION

Module		Function		Class		Link	Load	Size
mcc_generated_files/system/src/interrupt.c
		_INT0_SetInterruptHandler		CODE           	10DC	0000	14
		_INT1_SetInterruptHandler		CODE           	10CE	0000	14
		_INT2_SetInterruptHandler		CODE           	10C0	0000	14
		_INTERRUPT_Initialize		CODE           	0FA6	0000	70
		_INTERRUPT_InterruptManager		CODE           	0008	0000	70

mcc_generated_files/system/src/interrupt.c estimated size: 182

mcc_generated_files/system/src/pins.c
		_PIN_MANAGER_Initialize		CODE           	0F02	0000	164

mcc_generated_files/system/src/pins.c estimated size: 164

shared
		__initialization		CODE           	10EA	0000	1

shared estimated size: 1

mcc_generated_files/system/src/clock.c
		_CLOCK_Initialize		CODE           	1088	0000	24

mcc_generated_files/system/src/clock.c estimated size: 24

mcc_generated_files/timer/src/tmr0.c
		_TMR0_DefaultCallback		CODE           	10F4	0000	2
		_TMR0_ISR      		CODE           	0FEC	0000	52
		_TMR0_Initialize		CODE           	106C	0000	28
		_TMR0_PeriodMatchCallbackRegister		CODE           	10B2	0000	14

mcc_generated_files/timer/src/tmr0.c estimated size: 96

main.c
		_custom_Callback		CODE           	1048	0000	36
		_main          		CODE           	1020	0000	40

main.c estimated size: 76

mcc_generated_files/system/src/system.c
		_SYSTEM_Initialize		CODE           	10A0	0000	18

mcc_generated_files/system/src/system.c estimated size: 18

