Microchip MPLAB XC8 Compiler V2.46

Linker command line:

-W-3 \
  --edf=C:\Program Files\Microchip\xc8\v2.46\pic\dat\20240104201356_en.msgs \
  -cn -h+dist/default/debug\pwm_generation.X.debug.sym \
  --cmf=dist/default/debug\pwm_generation.X.debug.cmf -z -Q18F47Q10 \
  -oC:\Users\S20169~1\AppData\Local\Temp\xcAsvl8.\driver_tmp_3.o \
  --defsym=__MPLAB_BUILD=1 --fixupoverflow=error \
  -Mdist/default/debug/pwm_generation.X.debug.map \
  --md=C:\Users\S20169~1\AppData\Local\Temp\xcAsvl8.\driver_tmp_0.dat -E1 \
  -ver=XC8 Compiler --acfsm=1493 -ACODE=00h-01FFFFh -ACONST=00h-01FFFFh \
  -ASMALLCONST=0F00h-0FFFhx497 -AMEDIUMCONST=0F00h-0FFFFh,010F00h-01FFFFh \
  -ACOMRAM=01h-05Fh -AABS1=00h-0CFFh,0E00h-0E1Eh \
  -ABIGRAM=01h-0CFFh,0E00h-0E1Eh -ARAM=060h-0FFh,0100h-01FFhx12,0E00h-0E1Eh \
  -ABANK0=060h-0FFh -ABANK1=0100h-01FFh -ABANK2=0200h-02FFh \
  -ABANK3=0300h-03FFh -ABANK4=0400h-04FFh -ABANK5=0500h-05FFh \
  -ABANK6=0600h-06FFh -ABANK7=0700h-07FFh -ABANK8=0800h-08FFh \
  -ABANK9=0900h-09FFh -ABANK10=0A00h-0AFFh -ABANK11=0B00h-0BFFh \
  -ABANK12=0C00h-0CFFh -ABANK14=0E00h-0E1Eh \
  -ASFR=0D00h-0DFFh,0E1Fh-0EFFh,0F00h-0F5Fh,0F60h-0FFFh \
  -ABIGSFR=0D00h-0DFFh,0E1Fh-0FFFh -ACONFIG=0300000h-030000Bh \
  -AIDLOC=0200000h-02000FFh -AEEDATA=0310000h-03103FFh -peeprom_data=EEDATA \
  -preset_vec=00h,intcode,sivt_hi,intcodelo,sivt_lo,powerup,init \
  -pramtop=0F00h -psmallconst=SMALLCONST -pmediumconst=MEDIUMCONST \
  -pconst=CONST -AFARRAM=00h-00h \
  -prdata=COMRAM,nvrram=COMRAM,nvbit=COMRAM,rbss=COMRAM,rbit=COMRAM \
  -pfarbss=FARRAM,fardata=FARRAM,nvFARRAM=FARRAM \
  -pintsave_regs=BIGRAM,bigbss=BIGRAM,bigdata=BIGRAM -pbss=RAM \
  -pidata=CODE,irdata=CODE,ibigdata=CODE,ifardata=CODE -prparam=COMRAM \
  C:\Users\S20169~1\AppData\Local\Temp\xcAsvl8.\driver_tmp_9.o \
  dist/default/debug\pwm_generation.X.debug.o 

Object code version is 3.11

Machine type is 18F47Q10



                Name                               Link     Load   Length Selector   Space Scale
C:\Users\S20169~1\AppData\Local\Temp\xcAsvl8.\driver_tmp_9.o
                config                           300000   300000        C        0       4
                init                                  0        0        4        0       0
dist/default/debug\pwm_generation.X.debug.o
                config                           300000   300000        C        0       4
                smallconst                          F00      F00        2      780       0
                text4                               F7E      F7E       16      781       0
                text3                               F02      F02       34      781       0
                text2                               F36      F36       28      781       0
                text1                               FA6      FA6        4      781       0
                text0                               F5E      F5E       20      781       0
                cstackCOMRAM                          A        A        4        1       1
                bssCOMRAM                             1        1        9        1       1
                cinit                               F94      F94       12      781       0
                nvCOMRAM                              E        E        3        1       1

TOTAL           Name                               Link     Load   Length     Space
        CLASS   CODE           
                init                                  0        0        4         0
                text4                               F7E      F7E       16         0
                text3                               F02      F02       34         0
                text2                               F36      F36       28         0
                text1                               FA6      FA6        4         0
                text0                               F5E      F5E       20         0
                cinit                               F94      F94       12         0

        CLASS   CONST          

        CLASS   SMALLCONST     
                smallconst                          F00      F00        2         0

        CLASS   MEDIUMCONST    

        CLASS   COMRAM         
                cstackCOMRAM                          A        A        4         1
                bssCOMRAM                             1        1        9         1
                nvCOMRAM                              E        E        3         1

        CLASS   ABS1           

        CLASS   BIGRAM         

        CLASS   RAM            

        CLASS   BANK0          

        CLASS   BANK1          

        CLASS   BANK2          

        CLASS   BANK3          

        CLASS   BANK4          

        CLASS   BANK5          

        CLASS   BANK6          

        CLASS   BANK7          

        CLASS   BANK8          

        CLASS   BANK9          

        CLASS   BANK10         

        CLASS   BANK11         

        CLASS   BANK12         

        CLASS   BANK14         

        CLASS   SFR            

        CLASS   BIGSFR         

        CLASS   CONFIG         
                config                           300000   300000        C         4

        CLASS   IDLOC          

        CLASS   EEDATA         

        CLASS   FARRAM         

        CLASS   HEAP           

        CLASS   STACK          



SEGMENTS        Name                           Load    Length   Top    Selector   Space  Class

                reset_vec                      000000  000004  000004         0       0  CODE    
                bssCOMRAM                      000001  000010  000011         1       1  COMRAM  
                smallconst                     000F00  000002  000F02       780       0  SMALLCON
                text3                          000F02  0000A8  000FAA       781       0  CODE    


UNUSED ADDRESS RANGES

        Name                Unused          Largest block    Delta
        BANK0            000060-0000FF               A0
        BANK1            000100-0001FF              100
        BANK10           000A00-000AFF              100
        BANK11           000B00-000BFF              100
        BANK12           000C00-000CFF              100
        BANK14           000E00-000E1E               1F
        BANK2            000200-0002FF              100
        BANK3            000300-0003FF              100
        BANK4            000400-0004FF              100
        BANK5            000500-0005FF              100
        BANK6            000600-0006FF              100
        BANK7            000700-0007FF              100
        BANK8            000800-0008FF              100
        BANK9            000900-0009FF              100
        BIGRAM           000011-000CFF              CEF
                         000E00-000E1E               1F
        BIGSFR           000D00-000DFF              100
                         000E1F-000FFF              1E1
        CODE             000004-000EFF              EFC
                         000FAA-01FFFF            1F056
        COMRAM           000011-00005F               4F
        CONST            000004-000EFF              EFC
                         000FAA-01FFFF            1F056
        EEDATA           310000-3103FF              400
        IDLOC            200000-2000FF              100
        MEDIUMCONST      000FAA-00FFFF             F056
                         010F00-01FFFF             F100
        RAM              000060-000CFF              100
                         000E00-000E1E               1F
        SFR              000D00-000DFF              100
                         000E1F-000FFF               E1
        SMALLCONST       000FAA-01FFFF              100

                                  Symbol Table

PWM3_LoadDutyValue@dutyValue     cstackCOMRAM 00000A
_ANSELA                          (abs)        000F0C
_ANSELB                          (abs)        000F14
_ANSELC                          (abs)        000F1C
_ANSELD                          (abs)        000F21
_ANSELE                          (abs)        000F29
_CCPTMRSbits                     (abs)        000FAD
_INLVLA                          (abs)        000F08
_INLVLB                          (abs)        000F10
_INLVLC                          (abs)        000F18
_INLVLD                          (abs)        000F1D
_INLVLE                          (abs)        000F25
_INT0_DefaultInterruptHandler    (abs)        000000
_INT0_InterruptHandler           bssCOMRAM    000007
_INT1_DefaultInterruptHandler    (abs)        000000
_INT1_InterruptHandler           bssCOMRAM    000004
_INT2_DefaultInterruptHandler    (abs)        000000
_INT2_InterruptHandler           bssCOMRAM    000001
_INTCONbits                      (abs)        000FF2
_IOCAF                           (abs)        000F05
_IOCAN                           (abs)        000F06
_IOCAP                           (abs)        000F07
_IOCBF                           (abs)        000F0D
_IOCBN                           (abs)        000F0E
_IOCBP                           (abs)        000F0F
_IOCCF                           (abs)        000F15
_IOCCN                           (abs)        000F16
_IOCCP                           (abs)        000F17
_IOCEF                           (abs)        000F22
_IOCEN                           (abs)        000F23
_IOCEP                           (abs)        000F24
_LATA                            (abs)        000F82
_LATB                            (abs)        000F83
_LATC                            (abs)        000F84
_LATD                            (abs)        000F85
_LATE                            (abs)        000F86
_ODCONA                          (abs)        000F0A
_ODCONB                          (abs)        000F12
_ODCONC                          (abs)        000F1A
_ODCOND                          (abs)        000F1F
_ODCONE                          (abs)        000F27
_OSCCON1                         (abs)        000ED3
_OSCCON3                         (abs)        000ED5
_OSCEN                           (abs)        000ED7
_OSCFRQ                          (abs)        000ED9
_OSCTUNE                         (abs)        000ED8
_PIE4bits                        (abs)        000EC1
_PIR0bits                        (abs)        000EC5
_PIR4bits                        (abs)        000EC9
_PWM3CON                         (abs)        000FA4
_PWM3DCH                         (abs)        000FA3
_PWM3DCL                         (abs)        000FA2
_PWM3_Initialize                 text4        000F7E
_PWM3_LoadDutyValue              text3        000F02
_RA4PPS                          (abs)        000EE6
_SLRCONA                         (abs)        000F09
_SLRCONB                         (abs)        000F11
_SLRCONC                         (abs)        000F19
_SLRCOND                         (abs)        000F1E
_SLRCONE                         (abs)        000F26
_T2CLKCON                        (abs)        000FBE
_T2CON                           (abs)        000FBC
_T2CONbits                       (abs)        000FBC
_T2HLT                           (abs)        000FBD
_T2HLTbits                       (abs)        000FBD
_T2PR                            (abs)        000FBB
_T2RST                           (abs)        000FBF
_T2RSTbits                       (abs)        000FBF
_T2TMR                           (abs)        000FBA
_TMR2_DefaultPeriodMatchCallback (abs)        000000
_TMR2_Initialize                 text2        000F36
_TMR2_PeriodMatchCallback        nvCOMRAM     00000E
_TMR2_Start                      text1        000FA6
_TRISA                           (abs)        000F87
_TRISB                           (abs)        000F88
_TRISC                           (abs)        000F89
_TRISD                           (abs)        000F8A
_TRISE                           (abs)        000F8B
_WPUA                            (abs)        000F0B
_WPUB                            (abs)        000F13
_WPUC                            (abs)        000F1B
_WPUD                            (abs)        000F20
_WPUE                            (abs)        000F28
__HRAM                           (abs)        000000
__H__absolute__                  __absolute__ 000000
__Habs1                          abs1         000000
__Hbank0                         bank0        000000
__Hbank1                         bank1        000000
__Hbank10                        bank10       000000
__Hbank11                        bank11       000000
__Hbank12                        bank12       000000
__Hbank14                        bank14       000000
__Hbank2                         bank2        000000
__Hbank3                         bank3        000000
__Hbank4                         bank4        000000
__Hbank5                         bank5        000000
__Hbank6                         bank6        000000
__Hbank7                         bank7        000000
__Hbank8                         bank8        000000
__Hbank9                         bank9        000000
__Hbigbss                        bigbss       000000
__Hbigdata                       bigdata      000000
__Hbigram                        bigram       000000
__Hbigsfr                        bigsfr       000000
__Hbss                           bss          000000
__HbssCOMRAM                     bssCOMRAM    000000
__Hcinit                         cinit        000000
__Hclrtext                       clrtext      000000
__Hcomram                        comram       000000
__Hconfig                        config       30000C
__Hconst                         const        000000
__HcstackCOMRAM                  cstackCOMRAM 000000
__Hdata                          data         000000
__Heeprom_data                   eeprom_data  000000
__Hfarbss                        farbss       000000
__Hfardata                       fardata      000000
__Hheap                          heap         000000
__Hibigdata                      ibigdata     000000
__Hidata                         idata        000000
__Hidloc                         idloc        000000
__Hifardata                      ifardata     000000
__Hinit                          init         000004
__Hintcode                       intcode      000000
__Hintcode_body                  intcode_body 000000
__Hintcodelo                     intcodelo    000000
__Hintentry                      intentry     000000
__Hintret                        intret       000000
__Hintsave_regs                  intsave_regs 000000
__Hirdata                        irdata       000000
__Hmediumconst                   mediumconst  000000
__HnvCOMRAM                      nvCOMRAM     000000
__HnvFARRAM                      nvFARRAM     000000
__Hnvbit                         nvbit        000000
__Hnvrram                        nvrram       000000
__Hparam                         rparam       000000
__Hpowerup                       powerup      000000
__Hram                           ram          000000
__Hramtop                        ramtop       000F00
__Hrbit                          rbit         000000
__Hrbss                          rbss         000000
__Hrdata                         rdata        000000
__Hreset_vec                     reset_vec    000000
__Hrparam                        rparam       000000
__Hsfr                           sfr          000000
__Hsivt_hi                       sivt_hi      000000
__Hsivt_lo                       sivt_lo      000000
__Hsmallconst                    smallconst   000F02
__Hspace_0                       (abs)        000FAA
__Hspace_1                       (abs)        000011
__Hspace_2                       (abs)        000000
__Hspace_4                       (abs)        60000C
__Hstack                         stack        000000
__Hstruct                        struct       000000
__Htemp                          temp         000000
__Htext                          text         000000
__Htext0                         text0        000000
__Htext1                         text1        000000
__Htext2                         text2        000000
__Htext3                         text3        000000
__Htext4                         text4        000000
__LRAM                           (abs)        000001
__L__absolute__                  __absolute__ 000000
__Labs1                          abs1         000000
__Lbank0                         bank0        000000
__Lbank1                         bank1        000000
__Lbank10                        bank10       000000
__Lbank11                        bank11       000000
__Lbank12                        bank12       000000
__Lbank14                        bank14       000000
__Lbank2                         bank2        000000
__Lbank3                         bank3        000000
__Lbank4                         bank4        000000
__Lbank5                         bank5        000000
__Lbank6                         bank6        000000
__Lbank7                         bank7        000000
__Lbank8                         bank8        000000
__Lbank9                         bank9        000000
__Lbigbss                        bigbss       000000
__Lbigdata                       bigdata      000000
__Lbigram                        bigram       000000
__Lbigsfr                        bigsfr       000000
__Lbss                           bss          000000
__LbssCOMRAM                     bssCOMRAM    000000
__Lcinit                         cinit        000000
__Lclrtext                       clrtext      000000
__Lcomram                        comram       000000
__Lconfig                        config       000000
__Lconst                         const        000000
__LcstackCOMRAM                  cstackCOMRAM 000000
__Ldata                          data         000000
__Leeprom_data                   eeprom_data  000000
__Lfarbss                        farbss       000000
__Lfardata                       fardata      000000
__Lheap                          heap         000000
__Libigdata                      ibigdata     000000
__Lidata                         idata        000000
__Lidloc                         idloc        000000
__Lifardata                      ifardata     000000
__Linit                          init         000000
__Lintcode                       intcode      000000
__Lintcode_body                  intcode_body 000000
__Lintcodelo                     intcodelo    000000
__Lintentry                      intentry     000000
__Lintret                        intret       000000
__Lintsave_regs                  intsave_regs 000000
__Lirdata                        irdata       000000
__Lmediumconst                   mediumconst  000000
__LnvCOMRAM                      nvCOMRAM     000000
__LnvFARRAM                      nvFARRAM     000000
__Lnvbit                         nvbit        000000
__Lnvrram                        nvrram       000000
__Lparam                         rparam       000000
__Lpowerup                       powerup      000000
__Lram                           ram          000000
__Lramtop                        ramtop       000F00
__Lrbit                          rbit         000000
__Lrbss                          rbss         000000
__Lrdata                         rdata        000000
__Lreset_vec                     reset_vec    000000
__Lrparam                        rparam       000000
__Lsfr                           sfr          000000
__Lsivt_hi                       sivt_hi      000000
__Lsivt_lo                       sivt_lo      000000
__Lsmallconst                    smallconst   000F00
__Lspace_0                       (abs)        000000
__Lspace_1                       (abs)        000000
__Lspace_2                       (abs)        000000
__Lspace_4                       (abs)        000000
__Lstack                         stack        000000
__Lstruct                        struct       000000
__Ltemp                          temp         000000
__Ltext                          text         000000
__Ltext0                         text0        000000
__Ltext1                         text1        000000
__Ltext2                         text2        000000
__Ltext3                         text3        000000
__Ltext4                         text4        000000
__S0                             (abs)        000FAA
__S1                             (abs)        000011
__S4                             (abs)        000000
__S5                             (abs)        000000
___heap_hi                       (abs)        000000
___heap_lo                       (abs)        000000
___inthi_sp                      stack        000000
___inthi_stack_hi                stack        000000
___inthi_stack_lo                stack        000000
___intlo_sp                      stack        000000
___intlo_stack_hi                stack        000000
___intlo_stack_lo                stack        000000
___param_bank                    (abs)        000000
___rparam_used                   (abs)        000001
___sp                            stack        000000
___stack_hi                      stack        000000
___stack_lo                      stack        000000
__accesstop                      (abs)        000060
__activetblptr                   (abs)        000003
__end_of_PWM3_Initialize         text4        000F94
__end_of_PWM3_LoadDutyValue      text3        000F36
__end_of_TMR2_Initialize         text2        000F5E
__end_of_TMR2_Start              text1        000FAA
__end_of__initialization         cinit        000FA0
__end_of_main                    text0        000F7E
__initialization                 cinit        000F94
__mediumconst                    mediumconst  000000
__pbssCOMRAM                     bssCOMRAM    000001
__pcinit                         cinit        000F94
__pcstackCOMRAM                  cstackCOMRAM 00000A
__pnvCOMRAM                      nvCOMRAM     00000E
__psmallconst                    smallconst   000F00
__ptext0                         text0        000F5E
__ptext1                         text1        000FA6
__ptext2                         text2        000F36
__ptext3                         text3        000F02
__ptext4                         text4        000F7E
__ramtop                         ramtop       000F00
__smallconst                     smallconst   000F00
_main                            text0        000F5E
end_of_initialization            cinit        000FA0
intlevel0                        text         000000
intlevel1                        text         000000
intlevel2                        text         000000
intlevel3                        text         000000
isa$std                          (abs)        000001
isa$xinst                        (abs)        000000
stackhi                          (abs)        000000
stacklo                          (abs)        000000
start                            init         000000
start_initialization             cinit        000F94


MODULE INFORMATION

Module		Function		Class		Link	Load	Size
mcc_generated_files/pwm/src/pwm3.c
		_PWM3_Initialize		CODE           	0F7E	0000	22
		_PWM3_LoadDutyValue		CODE           	0F02	0000	52

mcc_generated_files/pwm/src/pwm3.c estimated size: 74

shared
		__initialization		CODE           	0F94	0000	12

shared estimated size: 12

mcc_generated_files/timer/src/tmr2.c
		_TMR2_Initialize		CODE           	0F36	0000	40
		_TMR2_Start    		CODE           	0FA6	0000	4

mcc_generated_files/timer/src/tmr2.c estimated size: 44

main.c
		_main          		CODE           	0F5E	0000	32

main.c estimated size: 32

